// Vitest Snapshot v1, https://vitest.dev/guide/snapshot.html

exports[`Navbar > should render correctly 1`] = `
<div>
  <header
    class="sticky top-0 z-40 px-6 py-4"
  >
    <div
      class="mx-auto flex max-w-fit items-center justify-center gap-4 rounded-full px-8 py-2 shadow-lg backdrop-blur-md"
    >
      <a
        href="/"
      >
        <svg
          class="lucide lucide-trending-up size-6 text-blue-600 lg:size-8"
          fill="none"
          height="24"
          stroke="currentColor"
          stroke-linecap="round"
          stroke-linejoin="round"
          stroke-width="2"
          viewBox="0 0 24 24"
          width="24"
          xmlns="http://www.w3.org/2000/svg"
        >
          <polyline
            points="22 7 13.5 15.5 8.5 10.5 2 17"
          />
          <polyline
            points="16 7 22 7 22 13"
          />
        </svg>
      </a>
      <nav
        class="flex items-center gap-4"
      >
        <a
          class="hover:text-primary font-semibold text-primary underline decoration-2 underline-offset-4"
          href="/"
        >
          Dashboard
        </a>
        <a
          class="hover:text-primary"
          href="/blog"
        >
          Blog
        </a>
        <a
          class="hover:text-primary"
          href="/visitors"
        >
          Visitors
        </a>
        <a
          class="hover:text-primary"
          href="/faq"
        >
          FAQ
        </a>
      </nav>
    </div>
  </header>
</div>
`;
